Archive member included because of file (symbol)

c:/program files (x86)/atmel/atmel toolchain/avr8 gcc/native/3.4.1061/avr8-gnu-toolchain/bin/../lib/gcc/avr/4.8.1/avr51\libgcc.a(_exit.o)
                              c:/program files (x86)/atmel/atmel toolchain/avr8 gcc/native/3.4.1061/avr8-gnu-toolchain/bin/../lib/gcc/avr/4.8.1/../../../../avr/lib/avr51/crtm128a.o (exit)
c:/program files (x86)/atmel/atmel toolchain/avr8 gcc/native/3.4.1061/avr8-gnu-toolchain/bin/../lib/gcc/avr/4.8.1/avr51\libgcc.a(_tablejump.o)
                              inc/uart_tri_0.o (__tablejump2__)
c:/program files (x86)/atmel/atmel toolchain/avr8 gcc/native/3.4.1061/avr8-gnu-toolchain/bin/../lib/gcc/avr/4.8.1/avr51\libgcc.a(_copy_data.o)
                              LIC_BB.o (__do_copy_data)
c:/program files (x86)/atmel/atmel toolchain/avr8 gcc/native/3.4.1061/avr8-gnu-toolchain/bin/../lib/gcc/avr/4.8.1/avr51\libgcc.a(_clear_bss.o)
                              inc/Tribus.o (__do_clear_bss)
c:/program files (x86)/atmel/atmel toolchain/avr8 gcc/native/3.4.1061/avr8-gnu-toolchain/bin/../lib/gcc/avr/4.8.1/../../../../avr/lib/avr51\libc.a(eerd_block_atmega128a.o)
                              inc/Tribus.o (__eerd_block_m128a)
c:/program files (x86)/atmel/atmel toolchain/avr8 gcc/native/3.4.1061/avr8-gnu-toolchain/bin/../lib/gcc/avr/4.8.1/../../../../avr/lib/avr51\libc.a(eeupd_byte_atmega128a.o)
                              inc/Tribus.o (__eeupd_byte_m128a)
c:/program files (x86)/atmel/atmel toolchain/avr8 gcc/native/3.4.1061/avr8-gnu-toolchain/bin/../lib/gcc/avr/4.8.1/../../../../avr/lib/avr51\libc.a(eewr_block_atmega128a.o)
                              inc/Tribus.o (__eewr_block_m128a)
c:/program files (x86)/atmel/atmel toolchain/avr8 gcc/native/3.4.1061/avr8-gnu-toolchain/bin/../lib/gcc/avr/4.8.1/../../../../avr/lib/avr51\libc.a(eewr_byte_atmega128a.o)
                              c:/program files (x86)/atmel/atmel toolchain/avr8 gcc/native/3.4.1061/avr8-gnu-toolchain/bin/../lib/gcc/avr/4.8.1/../../../../avr/lib/avr51\libc.a(eewr_block_atmega128a.o) (__eewr_r18_m128a)

Allocating common symbols
Common symbol       size              file

Check_CHAMBER       0x1               LIC_BB.o
uart0_buf_tx        0x9               inc/uart_tri_0.o
uart0_buf_pac_rx    0x90              inc/uart_tri_0.o
TB_out              0x1               inc/Tribus.o
TB_param            0x1d              inc/Tribus.o
Check_SHIELD        0x1               LIC_BB.o
TB_Value            0x4               inc/Tribus.o
TB_bufOut           0x9               inc/Tribus.o
Check_SERVIS        0x1               LIC_BB.o
TB_gbparam          0x5               inc/Tribus.o
TB_inp              0x1               inc/Tribus.o
uart0_buf_rx        0x10              inc/uart_tri_0.o
TB_AddrModule       0x1               inc/Tribus.o
TB_bufIn            0x9               inc/Tribus.o
uart0_buf_pac_tx    0x90              inc/uart_tri_0.o
addr_setting_in_eeprom
                    0x2               inc/Tribus.o
TB_AddrReply        0x1               inc/Tribus.o

Discarded input sections

 .data          0x00000000        0x0 c:/program files (x86)/atmel/atmel toolchain/avr8 gcc/native/3.4.1061/avr8-gnu-toolchain/bin/../lib/gcc/avr/4.8.1/../../../../avr/lib/avr51/crtm128a.o
 .bss           0x00000000        0x0 c:/program files (x86)/atmel/atmel toolchain/avr8 gcc/native/3.4.1061/avr8-gnu-toolchain/bin/../lib/gcc/avr/4.8.1/../../../../avr/lib/avr51/crtm128a.o
 .text          0x00000000        0x0 inc/timer.o
 .data          0x00000000        0x0 inc/timer.o
 .bss           0x00000000        0x0 inc/timer.o
 .text          0x00000000        0x0 inc/Tribus.o
 .data          0x00000000        0x0 inc/Tribus.o
 .bss           0x00000000        0x0 inc/Tribus.o
 .text.TB_SetParam
                0x00000000       0x3a inc/Tribus.o
 .text.TB_SendSerVzorku
                0x00000000       0x3a inc/Tribus.o
 .bss.TB_send_flag
                0x00000000        0x1 inc/Tribus.o
 .text          0x00000000        0x0 inc/uart_tri_0.o
 .data          0x00000000        0x0 inc/uart_tri_0.o
 .bss           0x00000000        0x0 inc/uart_tri_0.o
 .text.uart_pac_rx_empty
                0x00000000       0x10 inc/uart_tri_0.o
 .text.uart_pac_rx_size
                0x00000000        0xe inc/uart_tri_0.o
 .bss.uart0_tx_timeout
                0x00000000        0x1 inc/uart_tri_0.o
 .text          0x00000000        0x0 LIC_BB.o
 .data          0x00000000        0x0 LIC_BB.o
 .bss           0x00000000        0x0 LIC_BB.o
 .bss.mask_M    0x00000000        0x1 LIC_BB.o
 .text          0x00000000        0x0 c:/program files (x86)/atmel/atmel toolchain/avr8 gcc/native/3.4.1061/avr8-gnu-toolchain/bin/../lib/gcc/avr/4.8.1/avr51\libgcc.a(_exit.o)
 .data          0x00000000        0x0 c:/program files (x86)/atmel/atmel toolchain/avr8 gcc/native/3.4.1061/avr8-gnu-toolchain/bin/../lib/gcc/avr/4.8.1/avr51\libgcc.a(_exit.o)
 .bss           0x00000000        0x0 c:/program files (x86)/atmel/atmel toolchain/avr8 gcc/native/3.4.1061/avr8-gnu-toolchain/bin/../lib/gcc/avr/4.8.1/avr51\libgcc.a(_exit.o)
 .text.libgcc.mul
                0x00000000        0x0 c:/program files (x86)/atmel/atmel toolchain/avr8 gcc/native/3.4.1061/avr8-gnu-toolchain/bin/../lib/gcc/avr/4.8.1/avr51\libgcc.a(_exit.o)
 .text.libgcc.div
                0x00000000        0x0 c:/program files (x86)/atmel/atmel toolchain/avr8 gcc/native/3.4.1061/avr8-gnu-toolchain/bin/../lib/gcc/avr/4.8.1/avr51\libgcc.a(_exit.o)
 .text.libgcc   0x00000000        0x0 c:/program files (x86)/atmel/atmel toolchain/avr8 gcc/native/3.4.1061/avr8-gnu-toolchain/bin/../lib/gcc/avr/4.8.1/avr51\libgcc.a(_exit.o)
 .text.libgcc.prologue
                0x00000000        0x0 c:/program files (x86)/atmel/atmel toolchain/avr8 gcc/native/3.4.1061/avr8-gnu-toolchain/bin/../lib/gcc/avr/4.8.1/avr51\libgcc.a(_exit.o)
 .text.libgcc.builtins
                0x00000000        0x0 c:/program files (x86)/atmel/atmel toolchain/avr8 gcc/native/3.4.1061/avr8-gnu-toolchain/bin/../lib/gcc/avr/4.8.1/avr51\libgcc.a(_exit.o)
 .text.libgcc.fmul
                0x00000000        0x0 c:/program files (x86)/atmel/atmel toolchain/avr8 gcc/native/3.4.1061/avr8-gnu-toolchain/bin/../lib/gcc/avr/4.8.1/avr51\libgcc.a(_exit.o)
 .text.libgcc.fixed
                0x00000000        0x0 c:/program files (x86)/atmel/atmel toolchain/avr8 gcc/native/3.4.1061/avr8-gnu-toolchain/bin/../lib/gcc/avr/4.8.1/avr51\libgcc.a(_exit.o)
 .text          0x00000000        0x0 c:/program files (x86)/atmel/atmel toolchain/avr8 gcc/native/3.4.1061/avr8-gnu-toolchain/bin/../lib/gcc/avr/4.8.1/avr51\libgcc.a(_tablejump.o)
 .data          0x00000000        0x0 c:/program files (x86)/atmel/atmel toolchain/avr8 gcc/native/3.4.1061/avr8-gnu-toolchain/bin/../lib/gcc/avr/4.8.1/avr51\libgcc.a(_tablejump.o)
 .bss           0x00000000        0x0 c:/program files (x86)/atmel/atmel toolchain/avr8 gcc/native/3.4.1061/avr8-gnu-toolchain/bin/../lib/gcc/avr/4.8.1/avr51\libgcc.a(_tablejump.o)
 .text.libgcc.mul
                0x00000000        0x0 c:/program files (x86)/atmel/atmel toolchain/avr8 gcc/native/3.4.1061/avr8-gnu-toolchain/bin/../lib/gcc/avr/4.8.1/avr51\libgcc.a(_tablejump.o)
 .text.libgcc.div
                0x00000000        0x0 c:/program files (x86)/atmel/atmel toolchain/avr8 gcc/native/3.4.1061/avr8-gnu-toolchain/bin/../lib/gcc/avr/4.8.1/avr51\libgcc.a(_tablejump.o)
 .text.libgcc.prologue
                0x00000000        0x0 c:/program files (x86)/atmel/atmel toolchain/avr8 gcc/native/3.4.1061/avr8-gnu-toolchain/bin/../lib/gcc/avr/4.8.1/avr51\libgcc.a(_tablejump.o)
 .text.libgcc.builtins
                0x00000000        0x0 c:/program files (x86)/atmel/atmel toolchain/avr8 gcc/native/3.4.1061/avr8-gnu-toolchain/bin/../lib/gcc/avr/4.8.1/avr51\libgcc.a(_tablejump.o)
 .text.libgcc.fmul
                0x00000000        0x0 c:/program files (x86)/atmel/atmel toolchain/avr8 gcc/native/3.4.1061/avr8-gnu-toolchain/bin/../lib/gcc/avr/4.8.1/avr51\libgcc.a(_tablejump.o)
 .text.libgcc.fixed
                0x00000000        0x0 c:/program files (x86)/atmel/atmel toolchain/avr8 gcc/native/3.4.1061/avr8-gnu-toolchain/bin/../lib/gcc/avr/4.8.1/avr51\libgcc.a(_tablejump.o)
 .text          0x00000000        0x0 c:/program files (x86)/atmel/atmel toolchain/avr8 gcc/native/3.4.1061/avr8-gnu-toolchain/bin/../lib/gcc/avr/4.8.1/avr51\libgcc.a(_copy_data.o)
 .data          0x00000000        0x0 c:/program files (x86)/atmel/atmel toolchain/avr8 gcc/native/3.4.1061/avr8-gnu-toolchain/bin/../lib/gcc/avr/4.8.1/avr51\libgcc.a(_copy_data.o)
 .bss           0x00000000        0x0 c:/program files (x86)/atmel/atmel toolchain/avr8 gcc/native/3.4.1061/avr8-gnu-toolchain/bin/../lib/gcc/avr/4.8.1/avr51\libgcc.a(_copy_data.o)
 .text.libgcc.mul
                0x00000000        0x0 c:/program files (x86)/atmel/atmel toolchain/avr8 gcc/native/3.4.1061/avr8-gnu-toolchain/bin/../lib/gcc/avr/4.8.1/avr51\libgcc.a(_copy_data.o)
 .text.libgcc.div
                0x00000000        0x0 c:/program files (x86)/atmel/atmel toolchain/avr8 gcc/native/3.4.1061/avr8-gnu-toolchain/bin/../lib/gcc/avr/4.8.1/avr51\libgcc.a(_copy_data.o)
 .text.libgcc   0x00000000        0x0 c:/program files (x86)/atmel/atmel toolchain/avr8 gcc/native/3.4.1061/avr8-gnu-toolchain/bin/../lib/gcc/avr/4.8.1/avr51\libgcc.a(_copy_data.o)
 .text.libgcc.prologue
                0x00000000        0x0 c:/program files (x86)/atmel/atmel toolchain/avr8 gcc/native/3.4.1061/avr8-gnu-toolchain/bin/../lib/gcc/avr/4.8.1/avr51\libgcc.a(_copy_data.o)
 .text.libgcc.builtins
                0x00000000        0x0 c:/program files (x86)/atmel/atmel toolchain/avr8 gcc/native/3.4.1061/avr8-gnu-toolchain/bin/../lib/gcc/avr/4.8.1/avr51\libgcc.a(_copy_data.o)
 .text.libgcc.fmul
                0x00000000        0x0 c:/program files (x86)/atmel/atmel toolchain/avr8 gcc/native/3.4.1061/avr8-gnu-toolchain/bin/../lib/gcc/avr/4.8.1/avr51\libgcc.a(_copy_data.o)
 .text.libgcc.fixed
                0x00000000        0x0 c:/program files (x86)/atmel/atmel toolchain/avr8 gcc/native/3.4.1061/avr8-gnu-toolchain/bin/../lib/gcc/avr/4.8.1/avr51\libgcc.a(_copy_data.o)
 .text          0x00000000        0x0 c:/program files (x86)/atmel/atmel toolchain/avr8 gcc/native/3.4.1061/avr8-gnu-toolchain/bin/../lib/gcc/avr/4.8.1/avr51\libgcc.a(_clear_bss.o)
 .data          0x00000000        0x0 c:/program files (x86)/atmel/atmel toolchain/avr8 gcc/native/3.4.1061/avr8-gnu-toolchain/bin/../lib/gcc/avr/4.8.1/avr51\libgcc.a(_clear_bss.o)
 .bss           0x00000000        0x0 c:/program files (x86)/atmel/atmel toolchain/avr8 gcc/native/3.4.1061/avr8-gnu-toolchain/bin/../lib/gcc/avr/4.8.1/avr51\libgcc.a(_clear_bss.o)
 .text.libgcc.mul
                0x00000000        0x0 c:/program files (x86)/atmel/atmel toolchain/avr8 gcc/native/3.4.1061/avr8-gnu-toolchain/bin/../lib/gcc/avr/4.8.1/avr51\libgcc.a(_clear_bss.o)
 .text.libgcc.div
                0x00000000        0x0 c:/program files (x86)/atmel/atmel toolchain/avr8 gcc/native/3.4.1061/avr8-gnu-toolchain/bin/../lib/gcc/avr/4.8.1/avr51\libgcc.a(_clear_bss.o)
 .text.libgcc   0x00000000        0x0 c:/program files (x86)/atmel/atmel toolchain/avr8 gcc/native/3.4.1061/avr8-gnu-toolchain/bin/../lib/gcc/avr/4.8.1/avr51\libgcc.a(_clear_bss.o)
 .text.libgcc.prologue
                0x00000000        0x0 c:/program files (x86)/atmel/atmel toolchain/avr8 gcc/native/3.4.1061/avr8-gnu-toolchain/bin/../lib/gcc/avr/4.8.1/avr51\libgcc.a(_clear_bss.o)
 .text.libgcc.builtins
                0x00000000        0x0 c:/program files (x86)/atmel/atmel toolchain/avr8 gcc/native/3.4.1061/avr8-gnu-toolchain/bin/../lib/gcc/avr/4.8.1/avr51\libgcc.a(_clear_bss.o)
 .text.libgcc.fmul
                0x00000000        0x0 c:/program files (x86)/atmel/atmel toolchain/avr8 gcc/native/3.4.1061/avr8-gnu-toolchain/bin/../lib/gcc/avr/4.8.1/avr51\libgcc.a(_clear_bss.o)
 .text.libgcc.fixed
                0x00000000        0x0 c:/program files (x86)/atmel/atmel toolchain/avr8 gcc/native/3.4.1061/avr8-gnu-toolchain/bin/../lib/gcc/avr/4.8.1/avr51\libgcc.a(_clear_bss.o)
 .text          0x00000000        0x0 c:/program files (x86)/atmel/atmel toolchain/avr8 gcc/native/3.4.1061/avr8-gnu-toolchain/bin/../lib/gcc/avr/4.8.1/../../../../avr/lib/avr51\libc.a(eerd_block_atmega128a.o)
 .data          0x00000000        0x0 c:/program files (x86)/atmel/atmel toolchain/avr8 gcc/native/3.4.1061/avr8-gnu-toolchain/bin/../lib/gcc/avr/4.8.1/../../../../avr/lib/avr51\libc.a(eerd_block_atmega128a.o)
 .bss           0x00000000        0x0 c:/program files (x86)/atmel/atmel toolchain/avr8 gcc/native/3.4.1061/avr8-gnu-toolchain/bin/../lib/gcc/avr/4.8.1/../../../../avr/lib/avr51\libc.a(eerd_block_atmega128a.o)
 .text          0x00000000        0x0 c:/program files (x86)/atmel/atmel toolchain/avr8 gcc/native/3.4.1061/avr8-gnu-toolchain/bin/../lib/gcc/avr/4.8.1/../../../../avr/lib/avr51\libc.a(eeupd_byte_atmega128a.o)
 .data          0x00000000        0x0 c:/program files (x86)/atmel/atmel toolchain/avr8 gcc/native/3.4.1061/avr8-gnu-toolchain/bin/../lib/gcc/avr/4.8.1/../../../../avr/lib/avr51\libc.a(eeupd_byte_atmega128a.o)
 .bss           0x00000000        0x0 c:/program files (x86)/atmel/atmel toolchain/avr8 gcc/native/3.4.1061/avr8-gnu-toolchain/bin/../lib/gcc/avr/4.8.1/../../../../avr/lib/avr51\libc.a(eeupd_byte_atmega128a.o)
 .text          0x00000000        0x0 c:/program files (x86)/atmel/atmel toolchain/avr8 gcc/native/3.4.1061/avr8-gnu-toolchain/bin/../lib/gcc/avr/4.8.1/../../../../avr/lib/avr51\libc.a(eewr_block_atmega128a.o)
 .data          0x00000000        0x0 c:/program files (x86)/atmel/atmel toolchain/avr8 gcc/native/3.4.1061/avr8-gnu-toolchain/bin/../lib/gcc/avr/4.8.1/../../../../avr/lib/avr51\libc.a(eewr_block_atmega128a.o)
 .bss           0x00000000        0x0 c:/program files (x86)/atmel/atmel toolchain/avr8 gcc/native/3.4.1061/avr8-gnu-toolchain/bin/../lib/gcc/avr/4.8.1/../../../../avr/lib/avr51\libc.a(eewr_block_atmega128a.o)
 .text          0x00000000        0x0 c:/program files (x86)/atmel/atmel toolchain/avr8 gcc/native/3.4.1061/avr8-gnu-toolchain/bin/../lib/gcc/avr/4.8.1/../../../../avr/lib/avr51\libc.a(eewr_byte_atmega128a.o)
 .data          0x00000000        0x0 c:/program files (x86)/atmel/atmel toolchain/avr8 gcc/native/3.4.1061/avr8-gnu-toolchain/bin/../lib/gcc/avr/4.8.1/../../../../avr/lib/avr51\libc.a(eewr_byte_atmega128a.o)
 .bss           0x00000000        0x0 c:/program files (x86)/atmel/atmel toolchain/avr8 gcc/native/3.4.1061/avr8-gnu-toolchain/bin/../lib/gcc/avr/4.8.1/../../../../avr/lib/avr51\libc.a(eewr_byte_atmega128a.o)

Memory Configuration

Name             Origin             Length             Attributes
text             0x00000000         0x00020000         xr
data             0x00800100         0x0000ff00         rw !x
eeprom           0x00810000         0x00010000         rw !x
fuse             0x00820000         0x00000400         rw !x
lock             0x00830000         0x00000400         rw !x
signature        0x00840000         0x00000400         rw !x
user_signatures  0x00850000         0x00000400         rw !x
*default*        0x00000000         0xffffffff

Linker script and memory map

Address of section .data set to 0x800100
LOAD c:/program files (x86)/atmel/atmel toolchain/avr8 gcc/native/3.4.1061/avr8-gnu-toolchain/bin/../lib/gcc/avr/4.8.1/../../../../avr/lib/avr51/crtm128a.o
LOAD inc/timer.o
LOAD inc/Tribus.o
LOAD inc/uart_tri_0.o
LOAD LIC_BB.o
START GROUP
LOAD c:/program files (x86)/atmel/atmel toolchain/avr8 gcc/native/3.4.1061/avr8-gnu-toolchain/bin/../lib/gcc/avr/4.8.1/../../../../avr/lib/avr51\libm.a
END GROUP
START GROUP
LOAD c:/program files (x86)/atmel/atmel toolchain/avr8 gcc/native/3.4.1061/avr8-gnu-toolchain/bin/../lib/gcc/avr/4.8.1/avr51\libgcc.a
LOAD c:/program files (x86)/atmel/atmel toolchain/avr8 gcc/native/3.4.1061/avr8-gnu-toolchain/bin/../lib/gcc/avr/4.8.1/../../../../avr/lib/avr51\libm.a
LOAD c:/program files (x86)/atmel/atmel toolchain/avr8 gcc/native/3.4.1061/avr8-gnu-toolchain/bin/../lib/gcc/avr/4.8.1/../../../../avr/lib/avr51\libc.a
END GROUP

.hash
 *(.hash)

.dynsym
 *(.dynsym)

.dynstr
 *(.dynstr)

.gnu.version
 *(.gnu.version)

.gnu.version_d
 *(.gnu.version_d)

.gnu.version_r
 *(.gnu.version_r)

.rel.init
 *(.rel.init)

.rela.init
 *(.rela.init)

.rel.text
 *(.rel.text)
 *(.rel.text.*)
 *(.rel.gnu.linkonce.t*)

.rela.text
 *(.rela.text)
 *(.rela.text.*)
 *(.rela.gnu.linkonce.t*)

.rel.fini
 *(.rel.fini)

.rela.fini
 *(.rela.fini)

.rel.rodata
 *(.rel.rodata)
 *(.rel.rodata.*)
 *(.rel.gnu.linkonce.r*)

.rela.rodata
 *(.rela.rodata)
 *(.rela.rodata.*)
 *(.rela.gnu.linkonce.r*)

.rel.data
 *(.rel.data)
 *(.rel.data.*)
 *(.rel.gnu.linkonce.d*)

.rela.data
 *(.rela.data)
 *(.rela.data.*)
 *(.rela.gnu.linkonce.d*)

.rel.ctors
 *(.rel.ctors)

.rela.ctors
 *(.rela.ctors)

.rel.dtors
 *(.rel.dtors)

.rela.dtors
 *(.rela.dtors)

.rel.got
 *(.rel.got)

.rela.got
 *(.rela.got)

.rel.bss
 *(.rel.bss)

.rela.bss
 *(.rela.bss)

.rel.plt
 *(.rel.plt)

.rela.plt
 *(.rela.plt)

.text           0x00000000     0x1082
 *(.vectors)
 .vectors       0x00000000       0x8c c:/program files (x86)/atmel/atmel toolchain/avr8 gcc/native/3.4.1061/avr8-gnu-toolchain/bin/../lib/gcc/avr/4.8.1/../../../../avr/lib/avr51/crtm128a.o
                0x00000000                __vector_default
                0x00000000                __vectors
 *(.vectors)
 *(.progmem.gcc*)
 .progmem.gcc_sw_table.uart0_set_baud
                0x0000008c       0x16 inc/uart_tri_0.o
                0x000000a2                . = ALIGN (0x2)
                0x000000a2                __trampolines_start = .
 *(.trampolines)
 .trampolines   0x000000a2        0x0 linker stubs
 *(.trampolines*)
                0x000000a2                __trampolines_end = .
 *(.progmem*)
                0x000000a2                . = ALIGN (0x2)
 *(.jumptables)
 *(.jumptables*)
 *(.lowtext)
 *(.lowtext*)
                0x000000a2                __ctors_start = .
 *(.ctors)
                0x000000a2                __ctors_end = .
                0x000000a2                __dtors_start = .
 *(.dtors)
                0x000000a2                __dtors_end = .
 SORT(*)(.ctors)
 SORT(*)(.dtors)
 *(.init0)
 .init0         0x000000a2        0x0 c:/program files (x86)/atmel/atmel toolchain/avr8 gcc/native/3.4.1061/avr8-gnu-toolchain/bin/../lib/gcc/avr/4.8.1/../../../../avr/lib/avr51/crtm128a.o
                0x000000a2                __init
 *(.init0)
 *(.init1)
 *(.init1)
 *(.init2)
 .init2         0x000000a2        0xc c:/program files (x86)/atmel/atmel toolchain/avr8 gcc/native/3.4.1061/avr8-gnu-toolchain/bin/../lib/gcc/avr/4.8.1/../../../../avr/lib/avr51/crtm128a.o
 *(.init2)
 *(.init3)
 *(.init3)
 *(.init4)
 .init4         0x000000ae       0x1a c:/program files (x86)/atmel/atmel toolchain/avr8 gcc/native/3.4.1061/avr8-gnu-toolchain/bin/../lib/gcc/avr/4.8.1/avr51\libgcc.a(_copy_data.o)
                0x000000ae                __do_copy_data
 .init4         0x000000c8       0x10 c:/program files (x86)/atmel/atmel toolchain/avr8 gcc/native/3.4.1061/avr8-gnu-toolchain/bin/../lib/gcc/avr/4.8.1/avr51\libgcc.a(_clear_bss.o)
                0x000000c8                __do_clear_bss
 *(.init4)
 *(.init5)
 *(.init5)
 *(.init6)
 *(.init6)
 *(.init7)
 *(.init7)
 *(.init8)
 *(.init8)
 *(.init9)
 .init9         0x000000d8        0x4 c:/program files (x86)/atmel/atmel toolchain/avr8 gcc/native/3.4.1061/avr8-gnu-toolchain/bin/../lib/gcc/avr/4.8.1/../../../../avr/lib/avr51/crtm128a.o
 *(.init9)
 *(.text)
 .text          0x000000dc        0x2 c:/program files (x86)/atmel/atmel toolchain/avr8 gcc/native/3.4.1061/avr8-gnu-toolchain/bin/../lib/gcc/avr/4.8.1/../../../../avr/lib/avr51/crtm128a.o
                0x000000dc                __vector_22
                0x000000dc                __vector_28
                0x000000dc                __vector_1
                0x000000dc                __vector_32
                0x000000dc                __vector_34
                0x000000dc                __vector_24
                0x000000dc                __vector_12
                0x000000dc                __bad_interrupt
                0x000000dc                __vector_31
                0x000000dc                __vector_23
                0x000000dc                __vector_30
                0x000000dc                __vector_25
                0x000000dc                __vector_13
                0x000000dc                __vector_17
                0x000000dc                __vector_19
                0x000000dc                __vector_7
                0x000000dc                __vector_27
                0x000000dc                __vector_33
                0x000000dc                __vector_9
                0x000000dc                __vector_21
                0x000000dc                __vector_15
                0x000000dc                __vector_29
                0x000000dc                __vector_8
                0x000000dc                __vector_14
                0x000000dc                __vector_10
                0x000000dc                __vector_16
                0x000000de                . = ALIGN (0x2)
 *(.text.*)
 .text.timer_init
                0x000000de       0x20 inc/timer.o
                0x000000de                timer_init
 .text.TB_Send  0x000000fe       0x10 inc/Tribus.o
                0x000000fe                TB_Send
 .text.TB_calcSum
                0x0000010e       0x1a inc/Tribus.o
                0x0000010e                TB_calcSum
 .text.TB_Init  0x00000128       0x72 inc/Tribus.o
                0x00000128                TB_Init
 .text.TB_SendAck
                0x0000019a       0x32 inc/Tribus.o
                0x0000019a                TB_SendAck
 .text.TB_Read  0x000001cc       0x3e inc/Tribus.o
                0x000001cc                TB_Read
 .text.TB_Decode
                0x0000020a      0x60c inc/Tribus.o
                0x0000020a                TB_Decode
 .text.TB_SendAckOK
                0x00000816        0xc inc/Tribus.o
                0x00000816                TB_SendAckOK
 .text.uart_get_char
                0x00000822       0x28 inc/uart_tri_0.o
                0x00000822                uart_get_char
 .text.uart_receive_char
                0x0000084a       0x18 inc/uart_tri_0.o
                0x0000084a                uart_receive_char
 .text.uart_send_char
                0x00000862       0x16 inc/uart_tri_0.o
                0x00000862                uart_send_char
 .text.uart_send
                0x00000878       0x1e inc/uart_tri_0.o
                0x00000878                uart_send
 .text.uart_interrupt_rx
                0x00000896        0xc inc/uart_tri_0.o
                0x00000896                uart_interrupt_rx
 .text.uart_interrupt_tx
                0x000008a2        0xc inc/uart_tri_0.o
                0x000008a2                uart_interrupt_tx
 .text.__vector_18
                0x000008ae       0x62 inc/uart_tri_0.o
                0x000008ae                __vector_18
 .text.__vector_20
                0x00000910       0x6e inc/uart_tri_0.o
                0x00000910                __vector_20
 .text.uart0_init
                0x0000097e       0x18 inc/uart_tri_0.o
                0x0000097e                uart0_init
 .text.uart0_process
                0x00000996      0x11e inc/uart_tri_0.o
                0x00000996                uart0_process
 .text.uart0_ISR_timer
                0x00000ab4       0x30 inc/uart_tri_0.o
                0x00000ab4                uart0_ISR_timer
 .text.uart0_get_data_begin
                0x00000ae4       0x22 inc/uart_tri_0.o
                0x00000ae4                uart0_get_data_begin
 .text.uart0_get_data_end
                0x00000b06       0x26 inc/uart_tri_0.o
                0x00000b06                uart0_get_data_end
 .text.uart0_put_data
                0x00000b2c       0x56 inc/uart_tri_0.o
                0x00000b2c                uart0_put_data
 .text.uart0_set_baud
                0x00000b82       0x56 inc/uart_tri_0.o
                0x00000b82                uart0_set_baud
 .text.send_data
                0x00000bd8        0x8 LIC_BB.o
                0x00000bd8                send_data
 .text.__vector_2
                0x00000be0       0x24 LIC_BB.o
                0x00000be0                __vector_2
 .text.__vector_3
                0x00000c04       0x1e LIC_BB.o
                0x00000c04                __vector_3
 .text.__vector_4
                0x00000c22       0x24 LIC_BB.o
                0x00000c22                __vector_4
 .text.__vector_5
                0x00000c46       0x44 LIC_BB.o
                0x00000c46                __vector_5
 .text.__vector_6
                0x00000c8a       0x44 LIC_BB.o
                0x00000c8a                __vector_6
 .text.__vector_26
                0x00000cce       0x64 LIC_BB.o
                0x00000cce                __vector_26
 .text.__vector_11
                0x00000d32       0x1e LIC_BB.o
                0x00000d32                __vector_11
 .text.process_timer_100Hz
                0x00000d50       0x1e LIC_BB.o
                0x00000d50                process_timer_100Hz
 .text.try_receive_data
                0x00000d6e      0x21e LIC_BB.o
                0x00000d6e                try_receive_data
 .text.PreruseniBlackBox_Init
                0x00000f8c       0x46 LIC_BB.o
                0x00000f8c                PreruseniBlackBox_Init
 .text.main     0x00000fd2       0x32 LIC_BB.o
                0x00000fd2                main
 .text.libgcc   0x00001004        0xc c:/program files (x86)/atmel/atmel toolchain/avr8 gcc/native/3.4.1061/avr8-gnu-toolchain/bin/../lib/gcc/avr/4.8.1/avr51\libgcc.a(_tablejump.o)
                0x00001004                __tablejump2__
                0x00001008                __tablejump__
 .text.avr-libc
                0x00001010       0x20 c:/program files (x86)/atmel/atmel toolchain/avr8 gcc/native/3.4.1061/avr8-gnu-toolchain/bin/../lib/gcc/avr/4.8.1/../../../../avr/lib/avr51\libc.a(eerd_block_atmega128a.o)
                0x00001010                __eerd_block_m128a
                0x00001014                __eerd_blraw_m128a
 .text.avr-libc
                0x00001030       0x22 c:/program files (x86)/atmel/atmel toolchain/avr8 gcc/native/3.4.1061/avr8-gnu-toolchain/bin/../lib/gcc/avr/4.8.1/../../../../avr/lib/avr51\libc.a(eeupd_byte_atmega128a.o)
                0x00001030                __eeupd_byte_m128a
                0x00001032                __eeupd_r18_m128a
 .text.avr-libc
                0x00001052       0x12 c:/program files (x86)/atmel/atmel toolchain/avr8 gcc/native/3.4.1061/avr8-gnu-toolchain/bin/../lib/gcc/avr/4.8.1/../../../../avr/lib/avr51\libc.a(eewr_block_atmega128a.o)
                0x00001052                __eewr_block_m128a
 .text.avr-libc
                0x00001064       0x1a c:/program files (x86)/atmel/atmel toolchain/avr8 gcc/native/3.4.1061/avr8-gnu-toolchain/bin/../lib/gcc/avr/4.8.1/../../../../avr/lib/avr51\libc.a(eewr_byte_atmega128a.o)
                0x00001064                __eewr_byte_m128a
                0x00001066                __eewr_r18_m128a
                0x0000107e                . = ALIGN (0x2)
 *(.fini9)
 .fini9         0x0000107e        0x0 c:/program files (x86)/atmel/atmel toolchain/avr8 gcc/native/3.4.1061/avr8-gnu-toolchain/bin/../lib/gcc/avr/4.8.1/avr51\libgcc.a(_exit.o)
                0x0000107e                _exit
                0x0000107e                exit
 *(.fini9)
 *(.fini8)
 *(.fini8)
 *(.fini7)
 *(.fini7)
 *(.fini6)
 *(.fini6)
 *(.fini5)
 *(.fini5)
 *(.fini4)
 *(.fini4)
 *(.fini3)
 *(.fini3)
 *(.fini2)
 *(.fini2)
 *(.fini1)
 *(.fini1)
 *(.fini0)
 .fini0         0x0000107e        0x4 c:/program files (x86)/atmel/atmel toolchain/avr8 gcc/native/3.4.1061/avr8-gnu-toolchain/bin/../lib/gcc/avr/4.8.1/avr51\libgcc.a(_exit.o)
 *(.fini0)
                0x00001082                _etext = .

.data           0x00800100        0x6 load address 0x00001082
                0x00800100                PROVIDE (__data_start, .)
 *(.data)
 *(.data*)
 .data.mask_B   0x00800100        0x1 LIC_BB.o
                0x00800100                mask_B
 .data.mask_A   0x00800101        0x1 LIC_BB.o
                0x00800101                mask_A
 .data.timeout_B_max
                0x00800102        0x2 LIC_BB.o
                0x00800102                timeout_B_max
 .data.timeout_A_max
                0x00800104        0x2 LIC_BB.o
                0x00800104                timeout_A_max
 *(.rodata)
 *(.rodata*)
 *(.gnu.linkonce.d*)
                0x00800106                . = ALIGN (0x2)
                0x00800106                _edata = .
                0x00800106                PROVIDE (__data_end, .)

.bss            0x00800106      0x191
                0x00800106                PROVIDE (__bss_start, .)
 *(.bss)
 *(.bss*)
 .bss.TB_Callback_setBaud
                0x00800106        0x2 inc/Tribus.o
                0x00800106                TB_Callback_setBaud
 .bss.TB_Callback_TX
                0x00800108        0x2 inc/Tribus.o
                0x00800108                TB_Callback_TX
 .bss.uart0_rx_timeout_flag.1611
                0x0080010a        0x1 inc/uart_tri_0.o
 .bss.uart0_flags
                0x0080010b        0x1 inc/uart_tri_0.o
                0x0080010b                uart0_flags
 .bss.uart0_status
                0x0080010c        0x1 inc/uart_tri_0.o
                0x0080010c                uart0_status
 .bss.uart0_rx_timeout
                0x0080010d        0x1 inc/uart_tri_0.o
                0x0080010d                uart0_rx_timeout
 .bss.uart0_buf_pac_rx_ptr_e
                0x0080010e        0x1 inc/uart_tri_0.o
                0x0080010e                uart0_buf_pac_rx_ptr_e
 .bss.uart0_buf_pac_rx_ptr_b
                0x0080010f        0x1 inc/uart_tri_0.o
                0x0080010f                uart0_buf_pac_rx_ptr_b
 .bss.uart0_buf_pac_tx_ptr_e
                0x00800110        0x1 inc/uart_tri_0.o
                0x00800110                uart0_buf_pac_tx_ptr_e
 .bss.uart0_buf_pac_tx_ptr_b
                0x00800111        0x1 inc/uart_tri_0.o
                0x00800111                uart0_buf_pac_tx_ptr_b
 .bss.uart0_buf_tx_ptr
                0x00800112        0x1 inc/uart_tri_0.o
                0x00800112                uart0_buf_tx_ptr
 .bss.uart0_buf_rx_ptr_e
                0x00800113        0x1 inc/uart_tri_0.o
                0x00800113                uart0_buf_rx_ptr_e
 .bss.uart0_buf_rx_ptr_b
                0x00800114        0x1 inc/uart_tri_0.o
                0x00800114                uart0_buf_rx_ptr_b
 .bss.led_timer
                0x00800115        0x1 LIC_BB.o
                0x00800115                led_timer
 .bss.timer0_flag
                0x00800116        0x1 LIC_BB.o
                0x00800116                timer0_flag
 .bss.timeout_B
                0x00800117        0x2 LIC_BB.o
                0x00800117                timeout_B
 .bss.timeout_A
                0x00800119        0x2 LIC_BB.o
                0x00800119                timeout_A
 .bss.armed_B   0x0080011b        0x1 LIC_BB.o
                0x0080011b                armed_B
 .bss.armed_A   0x0080011c        0x1 LIC_BB.o
                0x0080011c                armed_A
 *(COMMON)
 COMMON         0x0080011d       0x3e inc/Tribus.o
                0x0080011d                TB_out
                0x0080011e                TB_param
                0x0080013b                TB_Value
                0x0080013f                TB_bufOut
                0x00800148                TB_gbparam
                0x0080014d                TB_inp
                0x0080014e                TB_AddrModule
                0x0080014f                TB_bufIn
                0x00800158                addr_setting_in_eeprom
                0x0080015a                TB_AddrReply
 COMMON         0x0080015b      0x139 inc/uart_tri_0.o
                0x0080015b                uart0_buf_tx
                0x00800164                uart0_buf_pac_rx
                0x008001f4                uart0_buf_rx
                0x00800204                uart0_buf_pac_tx
 COMMON         0x00800294        0x3 LIC_BB.o
                0x00800294                Check_CHAMBER
                0x00800295                Check_SHIELD
                0x00800296                Check_SERVIS
                0x00800297                PROVIDE (__bss_end, .)
                0x00001082                __data_load_start = LOADADDR (.data)
                0x00001088                __data_load_end = (__data_load_start + SIZEOF (.data))

.noinit         0x00800297        0x0
                0x00800297                PROVIDE (__noinit_start, .)
 *(.noinit*)
                0x00800297                PROVIDE (__noinit_end, .)
                0x00800297                _end = .
                0x00800297                PROVIDE (__heap_start, .)

.eeprom         0x00810000        0x0
 *(.eeprom*)
                0x00810000                __eeprom_end = .

.fuse
 *(.fuse)
 *(.lfuse)
 *(.hfuse)
 *(.efuse)

.lock
 *(.lock*)

.signature
 *(.signature*)

.user_signatures
 *(.user_signatures*)

.stab
 *(.stab)

.stabstr
 *(.stabstr)

.stab.excl
 *(.stab.excl)

.stab.exclstr
 *(.stab.exclstr)

.stab.index
 *(.stab.index)

.stab.indexstr
 *(.stab.indexstr)

.comment        0x00000000       0x30
 *(.comment)
 .comment       0x00000000       0x30 inc/timer.o
                                 0x31 (size before relaxing)
 .comment       0x00000000       0x31 inc/Tribus.o
 .comment       0x00000000       0x31 inc/uart_tri_0.o
 .comment       0x00000000       0x31 LIC_BB.o

.note.gnu.build-id
 *(.note.gnu.build-id)

.debug
 *(.debug)

.line
 *(.line)

.debug_srcinfo
 *(.debug_srcinfo)

.debug_sfnames
 *(.debug_sfnames)

.debug_aranges  0x00000000      0x198
 *(.debug_aranges)
 .debug_aranges
                0x00000000       0x20 inc/timer.o
 .debug_aranges
                0x00000020       0x60 inc/Tribus.o
 .debug_aranges
                0x00000080       0xa0 inc/uart_tri_0.o
 .debug_aranges
                0x00000120       0x78 LIC_BB.o

.debug_pubnames
 *(.debug_pubnames)

.debug_info     0x00000000     0x1a21
 *(.debug_info .gnu.linkonce.wi.*)
 .debug_info    0x00000000       0x8e inc/timer.o
 .debug_info    0x0000008e      0xb9c inc/Tribus.o
 .debug_info    0x00000c2a      0x71f inc/uart_tri_0.o
 .debug_info    0x00001349      0x6d8 LIC_BB.o

.debug_abbrev   0x00000000      0x672
 *(.debug_abbrev)
 .debug_abbrev  0x00000000       0x51 inc/timer.o
 .debug_abbrev  0x00000051      0x22c inc/Tribus.o
 .debug_abbrev  0x0000027d      0x25d inc/uart_tri_0.o
 .debug_abbrev  0x000004da      0x198 LIC_BB.o

.debug_line     0x00000000     0x1289
 *(.debug_line .debug_line.* .debug_line_end)
 .debug_line    0x00000000       0xd1 inc/timer.o
 .debug_line    0x000000d1      0x841 inc/Tribus.o
 .debug_line    0x00000912      0x4fe inc/uart_tri_0.o
 .debug_line    0x00000e10      0x479 LIC_BB.o

.debug_frame    0x00000000      0x44c
 *(.debug_frame)
 .debug_frame   0x00000000       0x24 inc/timer.o
 .debug_frame   0x00000024       0xf4 inc/Tribus.o
 .debug_frame   0x00000118      0x1e4 inc/uart_tri_0.o
 .debug_frame   0x000002fc      0x150 LIC_BB.o

.debug_str      0x00000000      0x786
 *(.debug_str)
 .debug_str     0x00000000      0x12e inc/timer.o
                                0x162 (size before relaxing)
 .debug_str     0x0000012e      0x242 inc/Tribus.o
                                0x3ac (size before relaxing)
 .debug_str     0x00000370      0x2db inc/uart_tri_0.o
                                0x442 (size before relaxing)
 .debug_str     0x0000064b      0x13b LIC_BB.o
                                0x3c3 (size before relaxing)

.debug_loc      0x00000000      0xc13
 *(.debug_loc)
 .debug_loc     0x00000000      0x45d inc/Tribus.o
 .debug_loc     0x0000045d      0x592 inc/uart_tri_0.o
 .debug_loc     0x000009ef      0x224 LIC_BB.o

.debug_macinfo
 *(.debug_macinfo)

.debug_weaknames
 *(.debug_weaknames)

.debug_funcnames
 *(.debug_funcnames)

.debug_typenames
 *(.debug_typenames)

.debug_varnames
 *(.debug_varnames)

.debug_pubtypes
 *(.debug_pubtypes)

.debug_ranges   0x00000000      0x158
 *(.debug_ranges)
 .debug_ranges  0x00000000       0x10 inc/timer.o
 .debug_ranges  0x00000010       0x50 inc/Tribus.o
 .debug_ranges  0x00000060       0x90 inc/uart_tri_0.o
 .debug_ranges  0x000000f0       0x68 LIC_BB.o

.debug_macro
 *(.debug_macro)
OUTPUT(LIC_BB.elf elf32-avr)
LOAD linker stubs
